../Core/Src/main.c:122:5:main	8	static
../Core/Src/main.c:267:6:SystemClock_Config	88	static
../Core/Src/main.c:315:13:MX_ADC1_Init	24	static
../Core/Src/main.c:367:13:MX_USART1_UART_Init	8	static
../Core/Src/main.c:400:13:MX_USART2_UART_Init	8	static
../Core/Src/main.c:433:13:MX_GPIO_Init	48	static
../Core/Src/main.c:480:13:StatusLed_AllOff	8	static
../Core/Src/main.c:487:13:StatusLed_Green	8	static
../Core/Src/main.c:493:13:StatusLed_Yellow	8	static
../Core/Src/main.c:499:13:StatusLed_Red	8	static
../Core/Src/main.c:515:6:StartDefaultTask	16	static
../Core/Src/main.c:533:6:StartUartRxTask	96	static
../Core/Src/main.c:595:6:StartCommandTask	240	static
../Core/Src/main.c:662:6:StartTelemetryTask	24	static
../Core/Src/main.c:703:6:HAL_TIM_PeriodElapsedCallback	16	static
../Core/Src/main.c:721:6:Error_Handler	4	static,ignoring_inline_asm
