../Core/Src/main.c:129:5:main	8	static
../Core/Src/main.c:223:6:SystemClock_Config	88	static
../Core/Src/main.c:271:13:MX_ADC1_Init	24	static
../Core/Src/main.c:323:13:MX_USART1_UART_Init	8	static
../Core/Src/main.c:356:13:MX_USART2_UART_Init	8	static
../Core/Src/main.c:389:13:MX_GPIO_Init	48	static
../Core/Src/main.c:440:13:StatusLed_AllOff	8	static
../Core/Src/main.c:447:13:StatusLed_Green	8	static
../Core/Src/main.c:453:13:StatusLed_Yellow	8	static
../Core/Src/main.c:459:13:StatusLed_Red	8	static
../Core/Src/main.c:474:6:StartDefaultTask	16	static
../Core/Src/main.c:492:6:StartUartRxTask	96	static
../Core/Src/main.c:554:6:StartCommandTask	264	static
../Core/Src/main.c:626:6:StartTelemetryTask	40	static
../Core/Src/main.c:677:6:HAL_TIM_PeriodElapsedCallback	16	static
../Core/Src/main.c:695:6:Error_Handler	4	static,ignoring_inline_asm
